[demo.w3layouts.com/demos_new/31-03-2017/fishing-demo_Free/1166840385/web/index6aac.html]
[backblue.gif]
[fade.gif]
[index.html]
[demo.w3layouts.com/demos_new/31-03-2017/fishing-demo_Free/1166840385/web/css/bootstrap.css]
[demo.w3layouts.com/demos_new/31-03-2017/fishing-demo_Free/1166840385/web/css/easy-responsive-tabs.css]
[demo.w3layouts.com/demos_new/31-03-2017/fishing-demo_Free/1166840385/web/css/galleryeffect.css]
[demo.w3layouts.com/demos_new/31-03-2017/fishing-demo_Free/1166840385/web/css/style.css]
[demo.w3layouts.com/demos_new/31-03-2017/fishing-demo_Free/1166840385/web/css/font-awesome.css]
[m.servedby-buysellads.com/monetization.js]
[demo.w3layouts.com/assests/css/font-awesome.min.css]
[demo.w3layouts.com/demos_new/31-03-2017/fishing-demo_Free/1166840385/web/index.html]
[demo.w3layouts.com/demos_new/31-03-2017/fishing-demo_Free/1166840385/web/images/about-1.jpg]
[demo.w3layouts.com/demos_new/31-03-2017/fishing-demo_Free/1166840385/web/images/about-2.jpg]
[demo.w3layouts.com/demos_new/31-03-2017/fishing-demo_Free/1166840385/web/images/g4.jpg]
[demo.w3layouts.com/demos_new/31-03-2017/fishing-demo_Free/1166840385/web/images/serve1.jpg]
[demo.w3layouts.com/demos_new/31-03-2017/fishing-demo_Free/1166840385/web/images/t11.jpg]
[demo.w3layouts.com/demos_new/31-03-2017/fishing-demo_Free/1166840385/web/images/t21.jpg]
[demo.w3layouts.com/demos_new/31-03-2017/fishing-demo_Free/1166840385/web/images/t31.jpg]
[demo.w3layouts.com/demos_new/31-03-2017/fishing-demo_Free/1166840385/web/images/t41.jpg]
[demo.w3layouts.com/demos_new/31-03-2017/fishing-demo_Free/1166840385/web/images/g1.jpg]
[demo.w3layouts.com/demos_new/31-03-2017/fishing-demo_Free/1166840385/web/images/g2.jpg]
[demo.w3layouts.com/demos_new/31-03-2017/fishing-demo_Free/1166840385/web/images/g3.jpg]
[demo.w3layouts.com/demos_new/31-03-2017/fishing-demo_Free/1166840385/web/images/g5.jpg]
[demo.w3layouts.com/demos_new/31-03-2017/fishing-demo_Free/1166840385/web/images/g6.jpg]
[demo.w3layouts.com/demos_new/31-03-2017/fishing-demo_Free/1166840385/web/images/g7.jpg]
[demo.w3layouts.com/demos_new/31-03-2017/fishing-demo_Free/1166840385/web/images/g8.jpg]
[demo.w3layouts.com/demos_new/31-03-2017/fishing-demo_Free/1166840385/web/js/jquery-2.1.4.min.js]
[demo.w3layouts.com/demos_new/31-03-2017/fishing-demo_Free/1166840385/web/js/jquery.vide.min.js]
[demo.w3layouts.com/demos_new/31-03-2017/fishing-demo_Free/1166840385/web/js/responsiveslides.min.js]
[demo.w3layouts.com/demos_new/31-03-2017/fishing-demo_Free/1166840385/web/js/jqBootstrapValidation.js]
[demo.w3layouts.com/demos_new/31-03-2017/fishing-demo_Free/1166840385/web/js/contact_me.js]
[demo.w3layouts.com/demos_new/31-03-2017/fishing-demo_Free/1166840385/web/js/easy-responsive-tabs.js]
[demo.w3layouts.com/demos_new/31-03-2017/fishing-demo_Free/1166840385/web/js/move-top.js]
[demo.w3layouts.com/demos_new/31-03-2017/fishing-demo_Free/1166840385/web/js/easing.js]
[demo.w3layouts.com/demos_new/31-03-2017/fishing-demo_Free/1166840385/web/js/jquery.flexisel.js]
[demo.w3layouts.com/demos_new/31-03-2017/fishing-demo_Free/1166840385/web/js/bootstrap-3.1.1.min.js]
[demo.w3layouts.com/demos_new/31-03-2017/fishing-demo_Free/1166840385/web/index6aac.html]
[fonts.googleapis.com/csse3e5.css]
[fonts.googleapis.com/cssaa44.css]
[demo.w3layouts.com/demos_new/31-03-2017/fishing-demo_Free/1166840385/web/index.html]
[m.servedby-buysellads.com/monetization.js]
[demo.w3layouts.com/demos_new/31-03-2017/fishing-demo_Free/1166840385/web/fonts/glyphicons-halflings-regular.eot]
[demo.w3layouts.com/demos_new/31-03-2017/fishing-demo_Free/1166840385/web/fonts/glyphicons-halflings-regulard41d.eot]
[demo.w3layouts.com/demos_new/31-03-2017/fishing-demo_Free/1166840385/web/fonts/glyphicons-halflings-regular.woff2]
[demo.w3layouts.com/demos_new/31-03-2017/fishing-demo_Free/1166840385/web/fonts/glyphicons-halflings-regular.woff]
[demo.w3layouts.com/demos_new/31-03-2017/fishing-demo_Free/1166840385/web/fonts/glyphicons-halflings-regular.ttf]
[demo.w3layouts.com/demos_new/31-03-2017/fishing-demo_Free/1166840385/web/css/bootstrap.css]
[demo.w3layouts.com/demos_new/31-03-2017/fishing-demo_Free/1166840385/web/css/easy-responsive-tabs.css]
[demo.w3layouts.com/demos_new/31-03-2017/fishing-demo_Free/1166840385/web/css/galleryeffect.css]
[demo.w3layouts.com/demos_new/31-03-2017/fishing-demo_Free/1166840385/web/fonts/glyphicons-halflings-regular.svg]
[demo.w3layouts.com/demos_new/31-03-2017/fishing-demo_Free/1166840385/web/images/left.png]
[demo.w3layouts.com/demos_new/31-03-2017/fishing-demo_Free/1166840385/web/images/right.png]
[demo.w3layouts.com/demos_new/31-03-2017/fishing-demo_Free/1166840385/web/images/t1.jpg]
[demo.w3layouts.com/demos_new/31-03-2017/fishing-demo_Free/1166840385/web/images/t2.jpg]
[demo.w3layouts.com/demos_new/31-03-2017/fishing-demo_Free/1166840385/web/images/t3.jpg]
[demo.w3layouts.com/demos_new/31-03-2017/fishing-demo_Free/1166840385/web/images/t4.jpg]
[demo.w3layouts.com/demos_new/31-03-2017/fishing-demo_Free/1166840385/web/images/footer.jpg]
[demo.w3layouts.com/demos_new/31-03-2017/fishing-demo_Free/1166840385/web/images/overlay.png]
[demo.w3layouts.com/demos_new/31-03-2017/fishing-demo_Free/1166840385/web/images/arrow.png]
[demo.w3layouts.com/demos_new/31-03-2017/fishing-demo_Free/1166840385/web/css/style.css]
[demo.w3layouts.com/demos_new/31-03-2017/fishing-demo_Free/1166840385/web/fonts/fontawesome-webfont3e6e.eot]
[demo.w3layouts.com/demos_new/31-03-2017/fishing-demo_Free/1166840385/web/fonts/fontawesome-webfontd41d.eot]
[demo.w3layouts.com/demos_new/31-03-2017/fishing-demo_Free/1166840385/web/fonts/fontawesome-webfont3e6e.woff2]
[demo.w3layouts.com/demos_new/31-03-2017/fishing-demo_Free/1166840385/web/fonts/fontawesome-webfont3e6e.woff]
[demo.w3layouts.com/demos_new/31-03-2017/fishing-demo_Free/1166840385/web/fonts/fontawesome-webfont3e6e.ttf]
[demo.w3layouts.com/demos_new/31-03-2017/fishing-demo_Free/1166840385/web/css/font-awesome.css]
[demo.w3layouts.com/demos_new/31-03-2017/fishing-demo_Free/1166840385/web/fonts/fontawesome-webfont3e6e.svg]
[demo.w3layouts.com/assests/css/font-awesome.min.css]
[demo.w3layouts.com/demos_new/31-03-2017/fishing-demo_Free/1166840385/web/fonts/glyphicons-halflings-regular.svg]
[demo.w3layouts.com/demos_new/31-03-2017/fishing-demo_Free/1166840385/web/fonts/fontawesome-webfont3e6e.svg]
[demo.w3layouts.com/assests/fonts/fontawesome-webfont3e6e.svg]
[demo.w3layouts.com/assests/fonts/fontawesome-webfont3e6e.svg]
